../Core/Src/main.c:141:19:MPU6050_readRegister	40	static
../Core/Src/main.c:152:19:MPU6050_writeRegister	40	static
../Core/Src/main.c:162:19:MPU6050_readRegisters	40	static
../Core/Src/main.c:175:19:MPU6050_wakeup	24	static
../Core/Src/main.c:185:19:MPU6050_set_pwr_mgmt	32	static
../Core/Src/main.c:203:19:MPU6050_set_dlpf	24	static
../Core/Src/main.c:223:19:MPU6050_set_sample_rate	24	static
../Core/Src/main.c:247:19:MPU6050_set_gyro_FSR	24	static
../Core/Src/main.c:278:19:MPU6050_set_accel_FSR	24	static
../Core/Src/main.c:307:19:MPU6050_FIFO_enable	24	static
../Core/Src/main.c:316:19:MPU6050_FIFO_reset	24	static
../Core/Src/main.c:327:19:MPU6050_init	32	static
../Core/Src/main.c:354:19:MPU6050_read_gyro_reg	64	dynamic
../Core/Src/main.c:414:19:MPU6050_read_accel_reg	64	dynamic
../Core/Src/main.c:473:19:MPU6050_read_temp_reg	24	static
../Core/Src/main.c:498:5:main	64	static
../Core/Src/main.c:635:6:SystemClock_Config	120	static
../Core/Src/main.c:698:13:MX_I2C4_Init	8	static
../Core/Src/main.c:746:13:MX_USART3_UART_Init	8	static
../Core/Src/main.c:794:13:MX_USB_OTG_HS_USB_Init	4	static
../Core/Src/main.c:815:13:MX_GPIO_Init	64	static
../Core/Src/main.c:902:6:Error_Handler	4	static,ignoring_inline_asm
