../Core/Src/main.c:139:19:MPU6050_wakeup	32	static
../Core/Src/main.c:148:19:MPU6050_set_pwr_mgmt	48	static
../Core/Src/main.c:165:19:MPU6050_set_dlpf	40	static
../Core/Src/main.c:183:19:MPU6050_set_sample_rate	40	static
../Core/Src/main.c:206:19:MPU6050_set_gyro_FSR	40	static
../Core/Src/main.c:235:19:MPU6050_set_accel_FSR	40	static
../Core/Src/main.c:262:19:MPU6050_FIFO_enable	32	static
../Core/Src/main.c:270:19:MPU6050_FIFO_reset	32	static
../Core/Src/main.c:279:19:MPU6050_init	48	static
../Core/Src/main.c:306:19:MPU6050_read_gyro_fifo	72	static
../Core/Src/main.c:367:19:MPU6050_read_accel_fifo	64	static
../Core/Src/main.c:416:19:MPU6050_read_temp_fifo	48	static
../Core/Src/main.c:439:19:MPU6050_read_gyro_reg	48	static
../Core/Src/main.c:490:19:MPU6050_read_accel_reg	48	static
../Core/Src/main.c:541:19:MPU6050_read_temp_reg	40	static
../Core/Src/main.c:557:19:print_float_UART	88	static
../Core/Src/main.c:570:19:MPU6050_print_readings_UART	24	static
../Core/Src/main.c:592:5:main	56	static
../Core/Src/main.c:698:6:SystemClock_Config	120	static
../Core/Src/main.c:761:13:MX_I2C4_Init	8	static
../Core/Src/main.c:809:13:MX_USART3_UART_Init	8	static
../Core/Src/main.c:857:13:MX_USB_OTG_HS_USB_Init	4	static
../Core/Src/main.c:878:13:MX_GPIO_Init	64	static
../Core/Src/main.c:965:6:Error_Handler	4	static,ignoring_inline_asm
