../Core/Src/main.c:134:19:MPU6050_wakeup	32	static
../Core/Src/main.c:143:19:MPU6050_set_pwr_mgmt	48	static
../Core/Src/main.c:160:19:MPU6050_set_dlpf	40	static
../Core/Src/main.c:178:19:MPU6050_set_sample_rate	40	static
../Core/Src/main.c:201:19:MPU6050_set_gyro_FSR	40	static
../Core/Src/main.c:226:19:MPU6050_set_accel_FSR	40	static
../Core/Src/main.c:249:19:MPU6050_FIFO_enable	32	static
../Core/Src/main.c:257:19:MPU6050_FIFO_reset	32	static
../Core/Src/main.c:266:19:MPU6050_init	48	static
../Core/Src/main.c:292:19:MPU6050_read_gyro	56	static
../Core/Src/main.c:346:19:MPU6050_read_accel	48	static
../Core/Src/main.c:388:19:MPU6050_read_temp	40	static
../Core/Src/main.c:412:5:main	56	static
../Core/Src/main.c:508:6:SystemClock_Config	120	static
../Core/Src/main.c:571:13:MX_I2C4_Init	8	static
../Core/Src/main.c:619:13:MX_USART3_UART_Init	8	static
../Core/Src/main.c:667:13:MX_USB_OTG_HS_USB_Init	4	static
../Core/Src/main.c:688:13:MX_GPIO_Init	64	static
../Core/Src/main.c:775:6:Error_Handler	4	static,ignoring_inline_asm
